
ERROR: usage: pytest [options] [file_or_dir] [file_or_dir] [...]
pytest: error: unrecognized arguments: --cov=src --cov=agents --cov-fail-under=90
  inifile: /workspace/ABZU/pytest.ini
  rootdir: /workspace/ABZU

